// Jest Snapshot v1, https://goo.gl/fbAQLP

exports[`calculates event results calculates overall results 1`] = `
Object {
  "displayName": "Overall",
  "divisionName": "overall",
  "events": Array [
    Object {
      "divisionName": "overall",
      "endTime": undefined,
      "eventStatus": undefined,
      "location": "Australia",
      "locationFlag": undefined,
      "locationName": undefined,
      "results": Object {
        "driverLegsResults": Array [],
        "driverResults": Array [
          Object {
            "divisionName": "pro",
            "entry": Object {
              "isDnfEntry": false,
              "isFounder": false,
              "isPlayer": false,
              "isVIP": false,
              "name": "Kuul",
              "nationality": "eLngEstonian",
              "playerDiff": 0,
              "rank": 1,
              "stageDiff": "+00:00:00.157",
              "stageTime": "03:40.461",
              "totalDiff": "--",
              "totalTime": "56:18.651",
              "vehicleName": "Peugeot 206 Rally",
            },
            "name": "Kuul",
            "overallPoints": 115,
            "powerStagePoints": 5,
            "totalPoints": 120,
          },
          Object {
            "divisionName": "amateur",
            "entry": Object {
              "isDnfEntry": false,
              "isFounder": false,
              "isPlayer": false,
              "isVIP": false,
              "name": "Ssplatered",
              "nationality": "eLngCanadian",
              "playerDiff": 0,
              "rank": 1,
              "stageDiff": "--",
              "stageTime": "03:40.304",
              "totalDiff": "+00:00:25.719",
              "totalTime": "56:44.370",
              "vehicleName": "Lancia Delta HF Integrale",
            },
            "name": "Ssplatered",
            "overallPoints": 84,
            "powerStagePoints": 5,
            "totalPoints": 89,
          },
          Object {
            "divisionName": "pro",
            "entry": Object {
              "isDnfEntry": true,
              "isFounder": false,
              "isPlayer": false,
              "isVIP": false,
              "name": "Sladdikurvinen ™",
              "nationality": "eLngSwedish",
              "playerDiff": 0,
              "rank": 28,
              "stageDiff": "+00:11:19.696",
              "stageTime": "15:00.000",
              "totalDiff": "+03:03:41.349",
              "totalTime": "04:00:00.000",
              "vehicleName": "SUBARU Impreza (2001)",
            },
            "name": "Sladdikurvinen ™",
            "totalPoints": 0,
          },
        ],
        "teamResults": Array [
          Object {
            "divisionName": "overall",
            "name": "Ditch Dusters",
            "pointsDisplay": 290,
            "resultCount": 2,
            "totalPoints": 290,
          },
          Object {
            "divisionName": "overall",
            "name": "Unlimited Pedal Works",
            "pointsDisplay": 164,
            "resultCount": 1,
            "totalPoints": 164,
          },
        ],
      },
      "standings": Object {
        "driverStandings": Array [
          Object {
            "currentPosition": 1,
            "divisionName": "pro",
            "name": "Kuul",
            "positionChange": null,
            "previousPosition": null,
            "totalPoints": 120,
            "totalPointsAfterDropRounds": 120,
          },
          Object {
            "currentPosition": 2,
            "divisionName": "amateur",
            "name": "Ssplatered",
            "positionChange": null,
            "previousPosition": null,
            "totalPoints": 89,
            "totalPointsAfterDropRounds": 89,
          },
          Object {
            "currentPosition": 3,
            "divisionName": "pro",
            "name": "Sladdikurvinen ™",
            "positionChange": null,
            "previousPosition": null,
            "totalPoints": 0,
            "totalPointsAfterDropRounds": 0,
          },
        ],
        "teamStandings": Array [
          Object {
            "currentPosition": 1,
            "divisionName": "overall",
            "name": "Ditch Dusters",
            "positionChange": null,
            "previousPosition": null,
            "totalPoints": 290,
            "totalPointsAfterDropRounds": 290,
          },
          Object {
            "currentPosition": 2,
            "divisionName": "overall",
            "name": "Unlimited Pedal Works",
            "positionChange": null,
            "previousPosition": null,
            "totalPoints": 164,
            "totalPointsAfterDropRounds": 164,
          },
        ],
      },
    },
  ],
}
`;
